// Jest Snapshot v1, https://goo.gl/fbAQLP

exports[`renders without crashing 1`] = `
<i
  className="fa fa-circle"
  style={
    Object {
      "color": "grey",
      "fontSize": "12px",
    }
  }
/>
`;
