// Jest Snapshot v1, https://goo.gl/fbAQLP

exports[`renders without crashing 1`] = `
<div
  className="app-container container-fluid"
>
  <div
    className="container"
  >
    <nav
      className="navbar navbar-expand-md navbar-dark bg-transparent"
    >
      <span
        className="logo-container mx-auto navbar-brand"
      >
        <a
          className="nav-link"
          href="#"
          onClick={[Function]}
          onKeyDown={[Function]}
          role="button"
        >
          <svg
            className="site-logo"
          >
            <use
              xlinkHref="icons.svg#opencraft_logo"
            />
          </svg>
        </a>
      </span>
      <button
        aria-controls="basic-navbar-nav"
        aria-label="Toggle navigation"
        className="navbar-toggler collapsed"
        onClick={[Function]}
        type="button"
      >
        <span
          className="navbar-toggler-icon"
        />
      </button>
      <div
        aria-expanded={null}
        className="navbar-collapse collapse"
        id="basic-navbar-nav"
      >
        <div
          className="ml-auto navbar-nav"
          onKeyDown={[Function]}
        />
      </div>
    </nav>
  </div>
  <div
    className="app-main row"
  />
  <footer
    className="app-footer align-items-center row"
  >
    <div
      className="col-auto mr-auto copyright col"
    >
      OpenCraft 2013-2020
    </div>
    <div
      className="col-auto trademarks col"
    >
      EdX and Open edX are registered trademarks of edX Inc. All rights reserved.
    </div>
  </footer>
</div>
`;
