// Jest Snapshot v1, https://goo.gl/fbAQLP

exports[`renders without crashing 1`] = `
<div
  className="content-page"
>
  <div
    className="title-container"
  >
    <h1>
      Reset your password
    </h1>
  </div>
  <div
    className="content-page-container"
  >
    <div
      className="content-page-content row"
    >
      <div>
        <div
          className="spinner spinner-border spinner-border-sm"
        />
        We're currently validating the provided password reset token. Please wait.
      </div>
    </div>
  </div>
</div>
`;
