// Jest Snapshot v1, https://goo.gl/fbAQLP

exports[`renders without crashing 1`] = `
<div
  className="registration-page"
>
  <h1>
    Create your Pro & Teacher Account
  </h1>
  <div
    className="step-bar-container"
  >
    <div
      className="d-flex justify-content-center"
    >
      <div
        className="step-bar"
      >
        <svg
          className="step"
          viewBox="0 0 10 10"
          xmlns="http://www.w3.org/2000/svg"
        >
          <circle
            cx={5}
            cy={5}
            fill="#6d9cae"
            r={5}
          />
        </svg>
        <span
          className="line"
        />
        <svg
          className="step"
          viewBox="0 0 10 10"
          xmlns="http://www.w3.org/2000/svg"
        >
          <circle
            cx={5}
            cy={5}
            fill="#6d9cae"
            r={5}
          />
        </svg>
        <span
          className="line"
        />
        <svg
          className="circled-number"
          viewBox="0 0 20 20"
          xmlns="http://www.w3.org/2000/svg"
        >
          <circle
            className="outer-circle"
            cx={10}
            cy={10}
            r={10}
          />
          <circle
            className="inner-circle"
            cx={10}
            cy={10}
            r={7}
            strokeWidth={2}
          />
          <text
            className="circle-text"
            color="#1e4c59"
            dy="0.4em"
            fontSize="10px"
            strokeWidth="1px"
            textAnchor="middle"
            x="50%"
            y="50%"
          >
            3
          </text>
        </svg>
        <span
          className="line"
        />
        <svg
          className="step"
          viewBox="0 0 10 10"
          xmlns="http://www.w3.org/2000/svg"
        >
          <circle
            cx={5}
            cy={5}
            fill="#6d9cae"
            r={5}
          />
        </svg>
        <span
          className="line"
        />
      </div>
    </div>
  </div>
  <div
    className="registration-page-container"
  >
    <div
      className="registration-page-content row"
    >
      <form
        className="account-form"
      >
        <h2>
          Create your account
        </h2>
        <div
          className="text-input-container"
        >
          <div
            className="form-group"
          >
            <label
              className="form-label"
            >
              Your full name*
            </label>
            <input
              className="form-control"
              name="fullName"
              onChange={[Function]}
              value=""
            />
            <p>
              Name and surname.
            </p>
          </div>
        </div>
        <div
          className="text-input-container"
        >
          <div
            className="form-group"
          >
            <label
              className="form-label"
            >
              Username*
            </label>
            <input
              className="form-control"
              name="username"
              onChange={[Function]}
              value=""
            />
            <p>
              This would also be the username of the administrator account on the Open edX instance.
            </p>
          </div>
        </div>
        <div
          className="text-input-container"
        >
          <div
            className="form-group"
          >
            <label
              className="form-label"
            >
              Email address*
            </label>
            <input
              className="form-control"
              name="email"
              onChange={[Function]}
              type="email"
              value=""
            />
            <p>
              This is also your account name, and where we will send important notices.
            </p>
          </div>
        </div>
        <div
          className="text-input-container"
        >
          <div
            className="form-group"
          >
            <label
              className="form-label"
            >
              Password*
            </label>
            <input
              className="form-control"
              name="password"
              onChange={[Function]}
              type="password"
              value=""
            />
            <p>
              Password must have 8 characters, 1 number, 1 capital letter and 1 special character.
            </p>
          </div>
        </div>
        <div
          className="text-input-container"
        >
          <div
            className="form-group"
          >
            <label
              className="form-label"
            >
              Confirm password*
            </label>
            <input
              className="form-control"
              name="passwordConfirm"
              onChange={[Function]}
              type="password"
              value=""
            />
            <p>
              Confirm the password in the field above.
            </p>
          </div>
        </div>
        <div
          className="custom-control custom-checkbox"
        >
          <input
            checked={false}
            className="custom-control-input"
            id="acceptTOS"
            name="acceptTOS"
            onChange={[Function]}
            type="checkbox"
          />
          <label
            className="custom-control-label"
            htmlFor="acceptTOS"
          >
            I accept that this is a free trial, and that the instance is provided without any guarantee. 
            <a
              href="/#"
              rel="noopener noreferrer"
              target="_blank"
            >
              Privacy Policy
            </a>
             and 
            <a
              href="/#"
              rel="noopener noreferrer"
              target="_blank"
            >
              Terms of Service
            </a>
            .*
          </label>
        </div>
        <div
          className="custom-control custom-checkbox"
        >
          <input
            checked={false}
            className="custom-control-input"
            id="acceptPaidSupport"
            name="acceptPaidSupport"
            onChange={[Function]}
            type="checkbox"
          />
          <label
            className="custom-control-label"
            htmlFor="acceptPaidSupport"
          >
            I understand that I can email OpenCraft with questions and that requests for support are subject to hourly fees.*
          </label>
        </div>
        <div
          className="custom-control custom-checkbox"
        >
          <input
            checked={false}
            className="custom-control-input"
            id="acceptDomainCondition"
            name="acceptDomainCondition"
            onChange={[Function]}
            type="checkbox"
          />
          <label
            className="custom-control-label"
            htmlFor="acceptDomainCondition"
          >
            By submitting the registration form, I assert that I have rights to use the domain I provided.*
          </label>
        </div>
        <div
          className="custom-control custom-checkbox"
        >
          <input
            checked={false}
            className="custom-control-input"
            id="subscribeToUpdates"
            name="subscribeToUpdates"
            onChange={[Function]}
            type="checkbox"
          />
          <label
            className="custom-control-label"
            htmlFor="subscribeToUpdates"
          >
            I want OpenCraft to occasionally email me about important news, tips and new features.
          </label>
        </div>
      </form>
      <div
        className="registration-nav"
      >
        <button
          className="float-left btn btn-outline-primary btn-lg"
          disabled={false}
          onClick={[Function]}
          type="button"
        >
          Back
        </button>
        <button
          className="float-right loading btn btn-primary btn-lg"
          disabled={false}
          onClick={[Function]}
          type="button"
        >
          Next
        </button>
      </div>
    </div>
  </div>
</div>
`;
