// Jest Snapshot v1, https://goo.gl/fbAQLP

exports[`renders without crashing 1`] = `
<div
  className="image-upload-field"
>
  <h4 />
  <button
    className="btn btn-outline-primary btn-lg"
    disabled={false}
    onClick={[Function]}
    type="button"
  >
    Change
  </button>
</div>
`;
