// Jest Snapshot v1, https://goo.gl/fbAQLP

exports[`renders null when externalDomain in data 1`] = `null`;

exports[`renders without crashing 1`] = `
<div>
  <button
    className="addBtn btn btn-primary btn-lg"
    disabled={false}
    onClick={[Function]}
    type="button"
  >
    Add custom domain (â‚¬25/month)
  </button>
</div>
`;
