// Jest Snapshot v1, https://goo.gl/fbAQLP

exports[`renders without crashing 1`] = `
<div
  className="theme-preview"
>
  <div
    className="theme-preview-navigation row"
  >
    <div
      className="theme-preview-navigation col"
    >
      <div
        className="main-navigation-menu navigation-menu row"
        style={
          Object {
            "background": undefined,
          }
        }
      >
        <div
          className="logo col-md-1"
        />
        <div
          className="col-md-1"
        >
          <button
            className="customizable-link"
            onMouseEnter={[Function]}
            onMouseLeave={[Function]}
            style={
              Object {
                "borderBottomColor": undefined,
                "color": undefined,
              }
            }
            type="button"
          >
            Courses
          </button>
        </div>
        <div
          className="col-md-3"
        >
          <button
            className="customizable-link"
            onMouseEnter={[Function]}
            onMouseLeave={[Function]}
            style={
              Object {
                "borderBottomColor": undefined,
                "color": undefined,
              }
            }
            type="button"
          >
            Discover New
          </button>
        </div>
        <div
          className="col-md-7"
        >
          <div
            className="navigation-menu navigation-submenu row"
          >
            <div
              className="col"
            >
              <button
                className="customizable-button"
                onMouseEnter={[Function]}
                onMouseLeave={[Function]}
                style={
                  Object {
                    "background": undefined,
                    "borderColor": undefined,
                    "color": undefined,
                  }
                }
                type="button"
              >
                Register
              </button>
              <button
                className="customizable-button"
                onMouseEnter={[Function]}
                onMouseLeave={[Function]}
                style={
                  Object {
                    "background": undefined,
                    "borderColor": undefined,
                    "color": undefined,
                  }
                }
                type="button"
              >
                Sign in
              </button>
            </div>
          </div>
        </div>
      </div>
    </div>
  </div>
  <div
    className="theme-home"
  >
    <div
      className="theme-hero-container row"
    >
      <div
        className="col"
      >
        <div
          className="hero-preview"
        >
          <div
            className="outer-wrapper"
            style={
              Object {
                "backgroundImage": "url(\\"test\\")",
              }
            }
          >
            <div
              className="title"
            >
              <div
                className="heading-group"
              >
                <h1
                  style={Object {}}
                >
                  
                </h1>
                <p
                  style={Object {}}
                >
                  
                </p>
              </div>
            </div>
          </div>
        </div>
      </div>
    </div>
    <div
      className="theme-courses-container row"
    >
      <div
        className="theme-courses-item col-md-3"
      >
        <div
          className="courses-listing-item row"
          style={
            Object {
              "borderBottomColor": undefined,
            }
          }
        >
          <div
            className="course-image col"
          >
            <img
              alt="course"
              src="course_image.jpg"
            />
          </div>
          <div
            className="organization col"
            style={
              Object {
                "color": undefined,
              }
            }
          >
            edX
          </div>
          <div
            className="course-number col"
            style={
              Object {
                "color": undefined,
              }
            }
          >
            DemoX
          </div>
          <div
            className="course-name col"
          >
            <button
              className="customizable-link noHover"
              onMouseEnter={[Function]}
              onMouseLeave={[Function]}
              style={
                Object {
                  "borderBottomColor": undefined,
                  "color": undefined,
                }
              }
              type="button"
            >
              <span>
                Demonstration Course
              </span>
            </button>
          </div>
          <div
            className="course-start col"
            style={
              Object {
                "color": undefined,
              }
            }
          >
            Starts: 
            Feb 5, 2013
          </div>
        </div>
      </div>
    </div>
  </div>
  <div
    className="theme-footer row"
  >
    <div
      className="col"
    >
      <div
        className="custom-footer"
        style={
          Object {
            "background": undefined,
          }
        }
      >
        <div
          className="row"
        >
          <div
            className="col-md-4"
          >
            <div
              className="footer-top-links row"
            >
              <div
                className="col"
              >
                <button
                  className="customizable-link noHover"
                  onMouseEnter={[Function]}
                  onMouseLeave={[Function]}
                  style={
                    Object {
                      "borderBottomColor": undefined,
                      "color": undefined,
                    }
                  }
                  type="button"
                >
                  <span>
                    About
                  </span>
                </button>
              </div>
              <div
                className="col"
              >
                <button
                  className="customizable-link noHover"
                  onMouseEnter={[Function]}
                  onMouseLeave={[Function]}
                  style={
                    Object {
                      "borderBottomColor": undefined,
                      "color": undefined,
                    }
                  }
                  type="button"
                >
                  <span>
                    Blog
                  </span>
                </button>
              </div>
              <div
                className="col"
              >
                <button
                  className="customizable-link noHover"
                  onMouseEnter={[Function]}
                  onMouseLeave={[Function]}
                  style={
                    Object {
                      "borderBottomColor": undefined,
                      "color": undefined,
                    }
                  }
                  type="button"
                >
                  <span>
                    Contact
                  </span>
                </button>
              </div>
              <div
                className="col"
              >
                <button
                  className="customizable-link noHover"
                  onMouseEnter={[Function]}
                  onMouseLeave={[Function]}
                  style={
                    Object {
                      "borderBottomColor": undefined,
                      "color": undefined,
                    }
                  }
                  type="button"
                >
                  <span>
                    Donate
                  </span>
                </button>
              </div>
            </div>
          </div>
          <div
            className="col-md-5"
          />
          <div
            className="openedx-logo col-md-3"
          >
            <img
              alt="Open edX logo"
              src="openedx-logo-footer.png"
            />
          </div>
        </div>
        <div
          className="row"
        >
          <div
            className="logo col-md-1"
          />
        </div>
        <div
          className="row"
        >
          <div
            className="copyright col"
            style={
              Object {
                "color": undefined,
              }
            }
          >
            Â© test. 
            All rights reserved except where noted. edX, Open edX and their respective logos are registered trademarks of edX Inc.
          </div>
        </div>
        <div
          className="legal row"
        >
          <div
            className="col"
          >
            <button
              className="customizable-link noHover"
              onMouseEnter={[Function]}
              onMouseLeave={[Function]}
              style={
                Object {
                  "borderBottomColor": undefined,
                  "color": undefined,
                }
              }
              type="button"
            >
              <span>
                Privacy Policy
              </span>
            </button>
          </div>
          <div
            className="separator col"
          >
            -
          </div>
          <div
            className="col"
          >
            <button
              className="customizable-link noHover"
              onMouseEnter={[Function]}
              onMouseLeave={[Function]}
              style={
                Object {
                  "borderBottomColor": undefined,
                  "color": undefined,
                }
              }
              type="button"
            >
              <span>
                Terms of Service
              </span>
            </button>
          </div>
          <div
            className="separator col"
          >
            -
          </div>
          <div
            className="col"
          >
            <button
              className="customizable-link noHover"
              onMouseEnter={[Function]}
              onMouseLeave={[Function]}
              style={
                Object {
                  "borderBottomColor": undefined,
                  "color": undefined,
                }
              }
              type="button"
            >
              <span>
                Honor Code
              </span>
            </button>
          </div>
          <div
            className="separator col"
          >
            -
          </div>
          <div
            className="col"
          >
            <button
              className="customizable-link noHover"
              onMouseEnter={[Function]}
              onMouseLeave={[Function]}
              style={
                Object {
                  "borderBottomColor": undefined,
                  "color": undefined,
                }
              }
              type="button"
            >
              <span>
                Take free online courses at edX.org
              </span>
            </button>
          </div>
        </div>
      </div>
    </div>
  </div>
</div>
`;
