// Jest Snapshot v1, https://goo.gl/fbAQLP

exports[`renders without crashing 1`] = `
<div
  className="hero-container"
>
  <div
    className="hero-div"
  >
    <h2>
      Institutional account
    </h2>
    <p>
      An institutional account gives you access to analytics, paid courses and certificates, mobile apps, priority support and more.
    </p>
    <div
      className="institutional-button-container"
    >
      <button
        className="btn btn-outline-primary btn-lg"
        disabled={false}
        onClick={[Function]}
        type="button"
      >
        Contact Us
      </button>
      <button
        className="btn btn-secondary btn-lg"
        disabled={false}
        onClick={[Function]}
        type="button"
      >
        Find out more
      </button>
    </div>
  </div>
</div>
`;
