// Jest Snapshot v1, https://goo.gl/fbAQLP

exports[`renders without crashing 1`] = `
<div
  className="fade text-center alert alert-warning show"
  role="alert"
/>
`;
