// Jest Snapshot v1, https://goo.gl/fbAQLP

exports[`Custom Side Menu Page Renders with correct accordion expanded, and with current page highlighted 1`] = `
<div
  className="customization-menu accordion"
>
  <div
    className="card"
  >
    <div
      className="card-header"
    >
      <div
        className="card-header"
        onClick={[Function]}
        variant="link"
      >
        Theme
      </div>
    </div>
    <div
      aria-expanded={null}
      className="collapse"
    >
      <div
        className="card-body"
      >
        <div
          className="flex-column nav card-header-undefined"
          onKeyDown={[Function]}
        >
          <a
            aria-current={null}
            href="/console/theming/preview-and-colors"
            onClick={[Function]}
          >
            Preview & colors
          </a>
          <a
            aria-current="page"
            className="disabled active"
            href="/"
            onClick={[Function]}
            style={Object {}}
          >
            Logos
          </a>
          <a
            aria-current="page"
            className="disabled active"
            href="/"
            onClick={[Function]}
            style={Object {}}
          >
            Buttons
          </a>
          <a
            aria-current="page"
            className="disabled active"
            href="/"
            onClick={[Function]}
            style={Object {}}
          >
            Navigation
          </a>
        </div>
      </div>
    </div>
  </div>
  <div
    className="card"
  >
    <div
      className="card-header"
    >
      <div
        className="card-header"
        onClick={[Function]}
        variant="link"
      >
        Custom Pages
      </div>
    </div>
    <div
      aria-expanded={null}
      className="collapse"
    >
      <div
        className="card-body"
      >
        <div
          className="flex-column nav card-header-undefined"
          onKeyDown={[Function]}
        >
          <a
            aria-current="page"
            className="disabled active"
            href="/"
            onClick={[Function]}
            style={Object {}}
          >
            About
          </a>
          <a
            aria-current="page"
            className="disabled active"
            href="/"
            onClick={[Function]}
            style={Object {}}
          >
            Terms of Service
          </a>
          <a
            aria-current="page"
            className="disabled active"
            href="/"
            onClick={[Function]}
            style={Object {}}
          >
            Contact
          </a>
        </div>
      </div>
    </div>
  </div>
  <div
    className="card"
  >
    <div
      className="card-header"
    >
      <div
        className="card-header"
        onClick={[Function]}
        variant="link"
      >
        Instance Settings
      </div>
    </div>
    <div
      aria-expanded={null}
      className="collapse show"
    >
      <div
        className="card-body"
      >
        <div
          className="flex-column nav card-header-undefined"
          onKeyDown={[Function]}
        >
          <a
            aria-current={null}
            href="/console/settings/general"
            onClick={[Function]}
          >
            General
          </a>
          <a
            aria-current="page"
            className="disabled active"
            href="/"
            onClick={[Function]}
            style={Object {}}
          >
            Domain
          </a>
        </div>
      </div>
    </div>
  </div>
</div>
`;
