// Jest Snapshot v1, https://goo.gl/fbAQLP

exports[`renders without crashing 1`] = `
<div
  className="container"
>
  <nav
    className="navbar navbar-expand-md navbar-dark bg-transparent"
  >
    <span
      className="logo-container mx-auto navbar-brand"
    >
      <svg
        className="site-logo"
      >
        <use
          xlinkHref="icons.svg#opencraft_logo"
        />
      </svg>
    </span>
    <button
      aria-controls="basic-navbar-nav"
      aria-label="Toggle navigation"
      className="navbar-toggler collapsed"
      onClick={[Function]}
      type="button"
    >
      <span
        className="navbar-toggler-icon"
      />
    </button>
    <div
      aria-expanded={null}
      className="navbar-collapse collapse"
      id="basic-navbar-nav"
    >
      <div
        className="ml-auto navbar-nav"
        onKeyDown={[Function]}
      />
    </div>
  </nav>
</div>
`;
