// Jest Snapshot v1, https://goo.gl/fbAQLP

exports[`renders without crashing 1`] = `
<div
  className="div-fill"
>
  <div
    className="registration-page"
  >
    <h1>
      Pro & Teacher Account
    </h1>
    <h2>
      Create your own Open edX instance now.
    </h2>
    <div
      className="step-bar-container"
    >
      <div
        className="d-flex justify-content-center"
      >
        <div
          className="step-bar"
        >
          <svg
            className="circled-number"
            viewBox="0 0 20 20"
            xmlns="http://www.w3.org/2000/svg"
          >
            <circle
              className="outer-circle"
              cx={10}
              cy={10}
              r={10}
            />
            <circle
              className="inner-circle"
              cx={10}
              cy={10}
              r={7}
              strokeWidth={2}
            />
            <text
              className="circle-text"
              color="#1e4c59"
              dy="0.4em"
              fontSize="10px"
              strokeWidth="1px"
              textAnchor="middle"
              x="50%"
              y="50%"
            >
              1
            </text>
          </svg>
          <span
            className="line"
          />
          <svg
            className="step"
            viewBox="0 0 10 10"
            xmlns="http://www.w3.org/2000/svg"
          >
            <circle
              cx={5}
              cy={5}
              fill="#6d9cae"
              r={5}
            />
          </svg>
          <span
            className="line"
          />
          <svg
            className="step"
            viewBox="0 0 10 10"
            xmlns="http://www.w3.org/2000/svg"
          >
            <circle
              cx={5}
              cy={5}
              fill="#6d9cae"
              r={5}
            />
          </svg>
          <span
            className="line"
          />
          <svg
            className="step"
            viewBox="0 0 10 10"
            xmlns="http://www.w3.org/2000/svg"
          >
            <circle
              cx={5}
              cy={5}
              fill="#6d9cae"
              r={5}
            />
          </svg>
          <span
            className="line"
          />
        </div>
      </div>
    </div>
    <div
      className="registration-page-container"
    >
      <div
        className="registration-page-content row"
      >
        <div
          className="custom-domain-setup"
        >
          <h1>
            Configure your domain
          </h1>
          <p>
            You will have to update the settings on your domain to be able to continue with the registration process.
          </p>
          <div
            className="instruction-box"
          >
            <div
              className="row"
            >
              <div
                className="number col-lg-1"
              >
                1
              </div>
              <div
                className="instruction col-lg-11"
              >
                If you already have a domain, skip this step. If you don't have a domain name yet, we recommend you go to Gandi.net to order one. Come back to this page after ordering it.
              </div>
            </div>
          </div>
          <div
            className="instruction-box"
          >
            <div
              className="row"
            >
              <div
                className="number col-lg-1"
              >
                2
              </div>
              <div
                className="instruction col-lg-11"
              >
                Go to your domainâ€™s DNS configuration settings and add the following entries:
              </div>
            </div>
            <div
              className="row"
            >
              <div
                className="extra col"
              >
                <table>
                  <tr>
                    <th>
                      Name
                    </th>
                    <th>
                      Type
                    </th>
                    <th>
                      Value
                    </th>
                  </tr>
                  <tr>
                    <td>
                      
                    </td>
                    <td>
                      CNAME
                    </td>
                    <td>
                      haproxy.net.opencraft.hosting
                    </td>
                  </tr>
                  <tr>
                    <td>
                      *.
                      
                    </td>
                    <td>
                      CNAME
                    </td>
                    <td>
                      haproxy.net.opencraft.hosting
                    </td>
                  </tr>
                </table>
              </div>
            </div>
          </div>
          <div
            className="instruction-box"
          >
            <div
              className="row"
            >
              <div
                className="number col-lg-1"
              >
                3
              </div>
              <div
                className="instruction col-lg-11"
              >
                Save the changes and activate them if required. It might take a while for the domain changes to propagate (up to 6 hours).
              </div>
            </div>
          </div>
          <button
            className="pull-left loading btn btn-primary btn-lg"
            disabled={false}
            onClick={[Function]}
            type="button"
          >
            I have made these changes
          </button>
        </div>
      </div>
    </div>
  </div>
</div>
`;
