// Jest Snapshot v1, https://goo.gl/fbAQLP

exports[`renders without crashing 1`] = `
<div
  className="components-demo-page"
>
  <div
    className="components-demo-heading"
  >
    <h1>
      Reusable Demo Components
    </h1>
  </div>
  <div
    className="components-demo-container"
  >
    <div
      className="components-demo-text"
    >
      The List of resuable components used inside the OCIM. Before generating a new component, check them.
    </div>
    <table
      className="components-demo-table-container table table-striped table-bordered table-hover"
    >
      <thead>
        <tr>
          <th>
            Component
          </th>
          <th>
            Description
          </th>
          <th>
            Example
          </th>
        </tr>
      </thead>
      <tbody>
        <tr>
          <td>
            Collapse Edit Area
          </td>
          <td>
            Collapse Edit Area component will help create a editing area which can be expanded and collapsed based on the props. The Hero component has an use case of it.
          </td>
          <td
            className="collapse-edit-area"
          >
            <div
              className="collapsible-edit-area"
            >
              <div
                className="edit-collapse"
              >
                <a
                  className="nav-link"
                  href="#"
                  onClick={[Function]}
                  onKeyDown={[Function]}
                  role="button"
                >
                  Edit
                  <i
                    className="fas xs fa-chevron-down"
                  />
                </a>
                <span
                  className="fill-line"
                />
              </div>
              <div
                aria-expanded={null}
                className="content collapse"
              >
                <div
                  className="row"
                >
                  <div
                    className="col"
                  >
                    Demo Text
                  </div>
                </div>
              </div>
            </div>
          </td>
        </tr>
        <tr>
          <td>
            Color Input Field
          </td>
          <td>
            Color Input Field component will help create a color input field where you can input your colors. The hero component as well as many other component has an use case of it.
          </td>
          <td
            className="color-input-field"
          >
            <div
              className="color-input form-group"
            >
              <label
                className="form-label"
              >
                DemoExampleColor
              </label>
              <div
                className="row"
              >
                <input
                  className="input-field-color form-control"
                  name="DemoExampleColor"
                  onClick={[Function]}
                  readOnly={true}
                  value="#000"
                />
                <div
                  className="input-field-preview"
                  style={
                    Object {
                      "backgroundColor": "#000",
                    }
                  }
                />
                <button
                  className="reset-value padded"
                  onClick={[Function]}
                  type="button"
                >
                  Reset
                </button>
              </div>
            </div>
          </td>
        </tr>
        <tr>
          <td>
            Content Page
          </td>
          <td>
            Content Page component will takes a title and some components as its children and provides you a div container with the component wrapped inside it. The login has an use case of it.
          </td>
          <td
            className="table-cell"
          >
            <div
              className="content-page"
            >
              <div
                className="title-container"
              >
                <h1>
                  Example Page
                </h1>
              </div>
              <div
                className="content-page-container"
              >
                <div
                  className="content-page-content row"
                >
                  Text
                </div>
              </div>
            </div>
          </td>
        </tr>
        <tr>
          <td>
            Custom Status Pill
          </td>
          <td>
            As the name suggests, the status pill component been used for showing instance changes with some colors and text. The Redeployment Toolbar has it which shows the progress of instance.
          </td>
          <td
            className="table-cell"
          >
            <span
              className="status-pill badge badge-pill badge-primary"
              onBlur={[Function]}
              onFocus={[Function]}
              onMouseOut={[Function]}
              onMouseOver={[Function]}
            >
              <span
                className="dot"
                style={
                  Object {
                    "backgroundColor": "grey",
                  }
                }
              />
              <div
                className="text"
              >
                Status: loading
              </div>
            </span>
          </td>
        </tr>
        <tr>
          <td>
            Email Activation Alert Message
          </td>
          <td>
            This component wraps the WrappedMessage component for an email alert which you can see if you have not verified your registered email.
          </td>
          <td
            className="table-cell"
          >
            <div
              className="d-flex justify-content-center align-middle email-activation-alert"
            >
              <i
                className="alert-icon fas fa-exclamation-triangle fa-xs"
              />
              One of your email addresses is pending confirmation. Please confirm it to begin managing your Open edX instance.
            </div>
          </td>
        </tr>
        <tr>
          <td>
            Step Bar
          </td>
          <td>
            Step Bar component shows steps pending, registration pages has an use case for it.
          </td>
          <td
            className="table-cell"
          >
            <div
              className="step-bar"
            >
              <svg
                className="step"
                viewBox="0 0 10 10"
                xmlns="http://www.w3.org/2000/svg"
              >
                <circle
                  cx={5}
                  cy={5}
                  fill="#6d9cae"
                  r={5}
                />
              </svg>
              <span
                className="line"
              />
              <svg
                className="circled-number"
                viewBox="0 0 20 20"
                xmlns="http://www.w3.org/2000/svg"
              >
                <circle
                  className="outer-circle"
                  cx={10}
                  cy={10}
                  r={10}
                />
                <circle
                  className="inner-circle"
                  cx={10}
                  cy={10}
                  r={7}
                  strokeWidth={2}
                />
                <text
                  className="circle-text"
                  color="#1e4c59"
                  dy="0.4em"
                  fontSize="10px"
                  strokeWidth="1px"
                  textAnchor="middle"
                  x="50%"
                  y="50%"
                >
                  2
                </text>
              </svg>
              <span
                className="line"
              />
              <svg
                className="step"
                viewBox="0 0 10 10"
                xmlns="http://www.w3.org/2000/svg"
              >
                <circle
                  cx={5}
                  cy={5}
                  fill="#6d9cae"
                  r={5}
                />
              </svg>
              <span
                className="line"
              />
            </div>
          </td>
        </tr>
        <tr>
          <td>
            Text Input Field
          </td>
          <td>
            A text input field component for inputing the texts.
          </td>
          <td
            className="table-cell"
          >
            <div
              className="text-input-container"
            >
              <div
                className="form-group"
              >
                <label
                  className="form-label"
                >
                  title
                </label>
                <input
                  className="form-control"
                  name="title"
                  onChange={[Function]}
                  value="demo page"
                />
              </div>
              <p>
                <button
                  className="reset-default"
                  onClick={[Function]}
                  type="button"
                >
                  Reset
                </button>
              </p>
            </div>
          </td>
        </tr>
      </tbody>
    </table>
  </div>
</div>
`;
