// Jest Snapshot v1, https://goo.gl/fbAQLP

exports[`renders without crashing 1`] = `
<button
  className="float-right btn-enabled btn btn-primary btn-lg"
  disabled={false}
  onClick={[Function]}
  type="button"
>
  <div
    className="notification-layer"
  >
    <p>
      9+
    </p>
  </div>
  <div
    className="button-text-layer"
  >
    Publish changes
  </div>
</button>
`;
