// Jest Snapshot v1, https://goo.gl/fbAQLP

exports[`Theme footer sidebar tests renders without crashing 1`] = `
<div
  className="console-page"
>
  <div
    className="d-flex justify-content-center align-middle email-activation-alert"
  >
    <i
      className="alert-icon fas fa-exclamation-triangle fa-xs"
    />
    One of your email addresses is pending confirmation. Please confirm it to begin managing your Open edX instance.
  </div>
  <div
    className="new-console-page-container"
  >
    <div
      className="new-console-page-content row"
    >
      <div
        className="pr-4 pl-0 container-fluid"
      >
        <div
          className="justify-content-center m-0 row"
        >
          <div
            className="p-0 m-0 pl-4 col-md-3"
          >
            <div
              className="ml-auto nav"
              onKeyDown={[Function]}
            >
              <span
                className="mr-2"
              >
                <i
                  aria-hidden="true"
                  className="fa fa-angle-left sm"
                />
              </span>
              <span>
                Back
              </span>
            </button>
            <div
              className="footer-settings"
            >
              <div
                className="customization-form"
              >
                <div
                  className="row"
                >
                  <div
                    className="col"
                  >
                    <h2>
                      Footer
                    </h2>
                  </div>
                </div>
                <div
                  className="row"
                >
                  <div
                    className="col"
                  >
                    <div
                      className="color-input form-group"
                    >
                      <label
                        className="form-label"
                      >
                        Footer background color
                      </label>
                      <div
                        className="align-items-center row"
                      >
                        <div
                          className="d-flex align-items-center color-input-field"
                        >
                          <input
                            className="input-field-color form-control"
                            disabled={false}
                            name="footerBg"
                            onClick={[Function]}
                            readOnly={true}
                            value="Not set"
                          />
                          <div
                            className="input-field-preview"
                            style={
                              Object {
                                "backgroundColor": undefined,
                              }
                            }
                          />
                        </div>
                        <div
                          className="info-icon"
                          onBlur={[Function]}
                          onFocus={[Function]}
                          onMouseOut={[Function]}
                          onMouseOver={[Function]}
                        >
                          <i
                            className="fas fa-info-circle"
                          />
                        </div>
                      </div>
                      <p>
                        <button
                          className="reset-value"
                          onClick={[Function]}
                          type="button"
                        >
                          Reset
                        </button>
                      </p>
                    </div>
                  </div>
                </div>
                <div
                  className="row"
                >
                  <div
                    className="col"
                  >
                    <div
                      className="color-input form-group"
                    >
                      <label
                        className="form-label"
                      >
                        Footer text color
                      </label>
                      <div
                        className="align-items-center row"
                      >
                        <div
                          className="d-flex align-items-center color-input-field"
                        >
                          <input
                            className="input-field-color form-control"
                            disabled={false}
                            name="footerColor"
                            onClick={[Function]}
                            readOnly={true}
                            value="Not set"
                          />
                          <div
                            className="input-field-preview"
                            style={
                              Object {
                                "backgroundColor": undefined,
                              }
                            }
                          />
                        </div>
                        <div
                          className="info-icon"
                          onBlur={[Function]}
                          onFocus={[Function]}
                          onMouseOut={[Function]}
                          onMouseOver={[Function]}
                        >
                          <i
                            className="fas fa-info-circle"
                          />
                        </div>
                      </div>
                      <p>
                        <button
                          className="reset-value"
                          onClick={[Function]}
                          type="button"
                        >
                          Reset
                        </button>
                      </p>
                    </div>
                  </div>
                </div>
                <div
                  className="row"
                >
                  <div
                    className="col"
                  >
                    <div
                      className="color-input form-group"
                    >
                      <label
                        className="form-label"
                      >
                        Footer link color
                      </label>
                      <div
                        className="align-items-center row"
                      >
                        <div
                          className="d-flex align-items-center color-input-field"
                        >
                          <input
                            className="input-field-color form-control"
                            disabled={false}
                            name="footerLinkColor"
                            onClick={[Function]}
                            readOnly={true}
                            value="Not set"
                          />
                          <div
                            className="input-field-preview"
                            style={
                              Object {
                                "backgroundColor": undefined,
                              }
                            }
                          />
                        </div>
                        <div
                          className="info-icon"
                          onBlur={[Function]}
                          onFocus={[Function]}
                          onMouseOut={[Function]}
                          onMouseOver={[Function]}
                        >
                          <i
                            className="fas fa-info-circle"
                          />
                        </div>
                      </div>
                      <p>
                        <button
                          className="reset-value"
                          onClick={[Function]}
                          type="button"
                        >
                          Reset
                        </button>
                      </p>
                    </div>
                  </div>
                </div>
              </div>
            </div>
          </div>
          <div
            className="pr-0 col-md-9"
          >
            <div
              className="row"
            >
              <div
                className="pr-0 col-md-4"
              >
                <div
                  className="preview-header d-flex justify-content-start"
                >
                  <div
                    className="dropdown-container d-flex flex-column align-items-center"
                  >
                    <a
                      className="nav-link"
                      href="#"
                      onClick={[Function]}
                      onKeyDown={[Function]}
                      role="button"
                    >
                      Dashboard
                      <i
                        className="fas xs fa-chevron-down"
                      />
                    </a>
                    <span
                      className="fill-line"
                    />
                    <div
                      className="dropdown-items align-items-center"
                    >
                      <div
                        className="content d-flex flex-column"
                      >
                        <div
                          aria-expanded={null}
                          className="collapse"
                        >
                          <button
                            className="d-inline-block"
                            onClick={[Function]}
                            type="button"
                          >
                            <p>
                              Dashboard
                            </p>
                          </button>
                          <button
                            className="d-inline-block"
                            onClick={[Function]}
                            type="button"
                          >
                            <p>
                              Course Outline
                            </p>
                          </button>
                        </div>
                      </div>
                    </div>
                  </div>
                </div>
              </div>
              <div
                className="pr-0 align-items-start col-md-7"
              >
                <div
                  className="notice-container d-flex justify-content-end"
                >
                  This is only a preview. Publish changes to update the live site
                </div>
              </div>
              <div
                className="preview-box card"
              >
                <div
                  className="container-fluid"
                >
                  <div
                    className="d-flex felx-row main-navigation-menu navigation-menu row"
                    style={
                      Object {
                        "background": undefined,
                      }
                    }
                  >
                    <div
                      className="logo"
                    />
                    <div
                      className="flex-grow-1 d-flex flex-row ml-4 mr-4"
                    >
                      <button
                        className="customizable-link"
                        onMouseEnter={[Function]}
                        onMouseLeave={[Function]}
                        style={
                          Object {
                            "borderBottomColor": undefined,
                            "color": undefined,
                          }
                        }
                        type="button"
                      >
                        Courses
                      </button>
                      <button
                        className="customizable-link"
                        onMouseEnter={[Function]}
                        onMouseLeave={[Function]}
                        style={
                          Object {
                            "borderBottomColor": undefined,
                            "color": undefined,
                          }
                        }
                        type="button"
                      >
                        Discover New
                      </button>
                    </div>
                    <div>
                      <div
                        className="navigation-menu navigation-submenu row"
                      >
                        <div
                          className="col"
                        >
                          <button
                            className="customizable-button"
                            onMouseEnter={[Function]}
                            onMouseLeave={[Function]}
                            style={
                              Object {
                                "background": undefined,
                                "borderColor": undefined,
                                "color": undefined,
                              }
                            }
                            type="button"
                          >
                            Register
                          </button>
                          <button
                            className="customizable-button"
                            onMouseEnter={[Function]}
                            onMouseLeave={[Function]}
                            style={
                              Object {
                                "background": undefined,
                                "borderColor": undefined,
                                "color": undefined,
                              }
                            }
                            type="button"
                          >
                            Sign in
                          </button>
                        </div>
                      </div>
                    </div>
                  </div>
                </div>
                <div
                  className="theme-home"
                >
                  <div
                    className="theme-hero-container row"
                  >
                    <div
                      className="col"
                    >
                      <div
                        className="hero-preview"
                      >
                        <div
                          className="outer-wrapper"
                          style={Object {}}
                        >
                          <div
                            className="title"
                          >
                            <div
                              className="heading-group"
                            >
                              <h1
                                style={
                                  Object {
                                    "color": "#000",
                                  }
                                }
                              >

                              </h1>
                              <p
                                style={
                                  Object {
                                    "color": "#999",
                                  }
                                }
                              >

                              </p>
                            </div>
                          </div>
                        </div>
                      </div>
                    </div>
                  </div>
                  <div
                    className="theme-courses-container row"
                  >
                    <div
                      className="theme-courses-item col-md-3"
                    >
                      <div
                        className="courses-listing-item row"
                        style={
                          Object {
                            "borderBottomColor": undefined,
                          }
                        }
                      >
                        <div
                          className="course-image col"
                        >
                          <img
                            alt="course"
                            src="course_image.jpg"
                          />
                        </div>
                        <div
                          className="organization col"
                          style={
                            Object {
                              "color": undefined,
                            }
                          }
                        >
                          edX
                        </div>
                        <div
                          className="course-number col"
                          style={
                            Object {
                              "color": undefined,
                            }
                          }
                        >
                          DemoX
                        </div>
                        <div
                          className="course-name col"
                        >
                          <button
                            className="customizable-link noHover"
                            onMouseEnter={[Function]}
                            onMouseLeave={[Function]}
                            style={
                              Object {
                                "borderBottomColor": undefined,
                                "color": undefined,
                              }
                            }
                            type="button"
                          >
                            <span>
                              Demonstration Course
                            </span>
                          </button>
                        </div>
                        <div
                          className="course-start col"
                          style={
                            Object {
                              "color": undefined,
                            }
                          }
                        >
                          Starts:
                          Feb 5, 2013
                        </div>
                      </div>
                    </div>
                  </div>
                </div>
                <div
                  className="theme-footer row"
                >
                  <div
                    className="col"
                  >
                    <div
                      className="custom-footer"
                      style={
                        Object {
                          "background": undefined,
                        }
                      }
                    >
                      <div
                        className="row"
                      >
                        <div
                          className="col-md-4"
                        >
                          <div
                            className="footer-top-links row"
                          >
                            <button
                              className="customizable-link noHover"
                              onMouseEnter={[Function]}
                              onMouseLeave={[Function]}
                              style={
                                Object {
                                  "borderBottomColor": undefined,
                                  "color": undefined,
                                }
                              }
                              type="button"
                            >
                              <span>
                                About
                              </span>
                            </button>
                            <button
                              className="customizable-link noHover"
                              onMouseEnter={[Function]}
                              onMouseLeave={[Function]}
                              style={
                                Object {
                                  "borderBottomColor": undefined,
                                  "color": undefined,
                                }
                              }
                              type="button"
                            >
                              <span>
                                Blog
                              </span>
                            </button>
                            <button
                              className="customizable-link noHover"
                              onMouseEnter={[Function]}
                              onMouseLeave={[Function]}
                              style={
                                Object {
                                  "borderBottomColor": undefined,
                                  "color": undefined,
                                }
                              }
                              type="button"
                            >
                              <span>
                                Contact
                              </span>
                            </button>
                            <button
                              className="customizable-link noHover"
                              onMouseEnter={[Function]}
                              onMouseLeave={[Function]}
                              style={
                                Object {
                                  "borderBottomColor": undefined,
                                  "color": undefined,
                                }
                              }
                              type="button"
                            >
                              <span>
                                Donate
                              </span>
                            </button>
                          </div>
                        </div>
                        <div
                          className="col-md-5"
                        />
                        <div
                          className="openedx-logo col-md-3"
                        >
                          <img
                            alt="Open edX logo"
                            src="openedx-logo-footer.png"
                          />
                        </div>
                      </div>
                      <div
                        className="row"
                      >
                        <div
                          className="logo col-md-1"
                        />
                      </div>
                      <div
                        className="row"
                      >
                        <div
                          className="copyright"
                          style={
                            Object {
                              "color": undefined,
                            }
                          }
                        >
                          © undefined.
                          All rights reserved except where noted. edX, Open edX and their respective logos are registered trademarks of edX Inc.
                        </div>
                      </div>
                      <div
                        className="legal row"
                      >
                        <button
                          className="customizable-link noHover"
                          onMouseEnter={[Function]}
                          onMouseLeave={[Function]}
                          style={
                            Object {
                              "borderBottomColor": undefined,
                              "color": undefined,
                            }
                          }
                          type="button"
                        >
                          <span>
                            Privacy Policy
                          </span>
                        </button>
                        <button
                          className="customizable-link noHover"
                          onMouseEnter={[Function]}
                          onMouseLeave={[Function]}
                          style={
                            Object {
                              "borderBottomColor": undefined,
                              "color": undefined,
                            }
                          }
                          type="button"
                        >
                          <span>
                            Terms of Service
                          </span>
                        </button>
                        <button
                          className="customizable-link noHover"
                          onMouseEnter={[Function]}
                          onMouseLeave={[Function]}
                          style={
                            Object {
                              "borderBottomColor": undefined,
                              "color": undefined,
                            }
                          }
                          type="button"
                        >
                          <span>
                            Honor Code
                          </span>
                        </button>
                        <button
                          className="customizable-link noHover"
                          onMouseEnter={[Function]}
                          onMouseLeave={[Function]}
                          style={
                            Object {
                              "borderBottomColor": undefined,
                              "color": undefined,
                            }
                          }
                          type="button"
                        >
                          <span>
                            Take free online courses at edX.org
                          </span>
                        </button>
                      </div>
                    </div>
                  </div>
                </div>
              </div>
            </div>
          </div>
        </div>
      </div>
    </div>
  </div>
</div>
`;
