// Jest Snapshot v1, https://goo.gl/fbAQLP

exports[`renders without crashing 1`] = `
<div
  className="registration-page"
>
  <h1 />
  <div
    className="step-bar-container"
  >
    <div
      className="d-flex justify-content-center"
    >
      <div
        className="step-bar"
      >
        <svg
          className="step"
          viewBox="0 0 10 10"
          xmlns="http://www.w3.org/2000/svg"
        >
          <circle
            cx={5}
            cy={5}
            fill="#6d9cae"
            r={5}
          />
        </svg>
        <span
          className="line"
        />
        <svg
          className="step"
          viewBox="0 0 10 10"
          xmlns="http://www.w3.org/2000/svg"
        >
          <circle
            cx={5}
            cy={5}
            fill="#6d9cae"
            r={5}
          />
        </svg>
        <span
          className="line"
        />
        <svg
          className="step"
          viewBox="0 0 10 10"
          xmlns="http://www.w3.org/2000/svg"
        >
          <circle
            cx={5}
            cy={5}
            fill="#6d9cae"
            r={5}
          />
        </svg>
        <span
          className="line"
        />
        <svg
          className="step"
          viewBox="0 0 10 10"
          xmlns="http://www.w3.org/2000/svg"
        >
          <circle
            cx={5}
            cy={5}
            fill="#6d9cae"
            r={5}
          />
        </svg>
        <span
          className="line"
        />
      </div>
    </div>
  </div>
  <div
    className="registration-page-container"
  >
    <div
      className="registration-page-content row"
    />
  </div>
</div>
`;
